GammaLassoPath
  > gaussian
    > γ=0
      > Compare with LassoPath
    > γ=2
    > γ=10
  > binomial
    > γ=0
      Failure :: (line:-1) :: γ=0 :: fact was false
        Expression: issimilarhead(full(glp.coefs'),gcoefs'; rtol=rtol) --> true
          Expected: true
          Occurred: [0.0 0.0 0.0 0.0 0.0 0.0
 0.09335384357291346 0.0 0.0 0.0933538367066176 0.0 0.0
 0.1811634246809129 0.0 0.0 0.181163388893075 0.0 0.0
 0.263970618803993 0.0 0.0 0.263970497839344 0.0 0.0
 0.34223475229765615 0.0 0.0 0.342234378744194 0.0 0.0
 0.416350544762387 0.0 0.0 0.416349534763694 0.0 0.0
 0.48665962160485154 0.0 0.0 0.486657224291649 0.0 0.0
 0.5534586871723518 0.0 0.0 0.553454636391032 0.0 0.0
 0.6170058850111999 0.0 0.0 0.61699880682334 0.0 0.0
 0.6775260850443062 0.0 0.0 0.677514527798084 0.0 0.0
 0.7352154526080287 0.0 0.0 0.735197491427601 0.0 0.0
 0.7902454712518777 0.0 0.0 0.790225239629845 0.0 0.0
 0.8427665070118416 0.0 0.0 0.842520831417305 0.0 0.0
 0.8929109648266371 0.0 0.0 0.892629759154465 0.0 0.0
 0.9407960724536161 0.0 0.0 0.940476731488411 0.0 0.0
 0.9865263214257093 0.0 0.0 0.986164716418852 0.0 0.0
 1.0301955925598854 0.0 0.0 1.02978797437009 0.0 0.0
 1.071888992736763 0.0 0.0 1.07143232578347 0.0 0.0
 1.111684429076807 0.0 0.0 1.11134301395943 0.0 0.0
 1.1496539458817863 0.0 0.0 1.14928906554264 0.0 0.0
 1.1858647083740836 0.0 0.0 1.18547409918931 0.0 0.0
 1.2203805217781487 0.0 0.0 1.21996385314956 0.0 0.0
 1.2532616825775167 0.0 0.0 1.25281935378649 0.0 0.0
 1.2845662364826078 0.0 0.0 1.28409917838903 0.0 0.0
 1.3143503018863614 0.0 0.0 1.31385993995069 0.0 0.0
 1.3426684502604067 0.0 0.0 1.34215664681147 0.0 0.0
 1.3695739920538206 0.0 0.0 1.36904297499973 0.0 0.0
 1.3951191828412426 0.0 0.0 1.39457146730329 0.0 0.0
 1.4193553630857427 0.0 0.0 1.41879367124613 0.0 0.0
 1.4423330435321382 0.0 0.0 1.44176022679628 0.0 0.0
 1.4641019469398342 0.0 0.0 1.46352091341386 0.0 0.0
 1.4847110156084742 0.0 0.0 1.48412466492747 0.0 0.0
 1.5042083929524088 0.0 0.0 1.50361955968248 0.0 0.0
 1.5226413862490822 0.0 0.0 1.5220527924271 0.0 0.0
 1.5400564166286836 0.0 0.0 1.53947063348873 0.0 0.0
 1.5564989613938682 0.0 0.0 1.55591837994313 0.0 0.0
 1.5720134928632175 0.0 0.0 1.57144030269679 0.0 0.0
 1.5866434171231214 0.0 0.0 1.58607959268693 0.0 0.0
 1.6004310153507806 0.0 0.0 1.59987830875946 0.0 0.0
 1.6134173897350956 0.0 0.0 1.61287732920964 0.0 0.0
 1.6256424154699254 0.0 0.0 1.62482638885901 0.0 0.0
 1.6371446998216552 0.0 0.0 1.63633492912241 0.0 0.0
 1.6479615488751977 0.0 0.0 1.64717740963108 0.0 0.0
 1.6581289422337608 0.0 0.0 1.657372555254 0.0 0.0
 1.6676815156814944 0.0 0.0 1.66695359975148 0.0 0.0
 1.6766525516078825 0.0 0.0 1.67595349772499 0.0 0.0
 1.685073976831822 0.0 0.0 1.68440394560327 0.0 0.0
 1.6929763673450617 0.0 0.0 1.69233531963371 0.0 0.0
 1.7003889594129205 0.0 0.0 1.69977668143106 0.0 0.0
 1.7073396664189773 0.0 0.0 1.70644892487024 0.0 0.0
 1.7138551008145009 0.0 0.0 1.71297202588768 0.0 0.0
 1.7199606005276677 0.0 0.0 1.7191177632928 0.0 0.0
 1.7360812320350891 -0.012160481694147542 0.0 1.7281534440478 -0.00485726974552137 0.0
 1.7730344561493074 -0.046067741085222574 -0.0013636543020904732 1.76383297436292 -0.0386442527096064 -9.94485101549509e-5
 1.8160888501330985 -0.06763574233232546 -0.021697846994371182 1.80837891044786 -0.0645188543125938 -0.0177817660655546
 1.857476726442229 -0.08918477160810274 -0.04037845238221554 1.84950730108174 -0.0859045893357695 -0.0363763503996214
 1.8960707400252623 -0.10890062017254172 -0.058048661080586705 1.88777337734396 -0.105505965730211 -0.0538912235305099
 1.9328760836239833 -0.12864556860967455 -0.07398677527785141 1.92420365089397 -0.124020623384503 -0.0705875656489168
 1.9655745428741624 -0.14473286411047057 -0.08945591004800073 1.95780118252134 -0.141104240985753 -0.0859497092362355
 1.996412008379077 -0.15922803526092477 -0.10453409074678492 1.98912757590423 -0.157021511545064 -0.10023872505355
 2.0257415632441704 -0.17381055785192445 -0.11812667192017405 2.01839858172993 -0.171874081110109 -0.11356548328599
 2.054364591924652 -0.1895420837688083 -0.12999605114943508 2.04643438495455 -0.186004635625073 -0.126330939284549
 2.079140566712221 -0.20078439332177198 -0.14238751275072606 2.07219797038058 -0.199006000355281 -0.138042346601804
 2.103965025003145 -0.21460889273744355 -0.15248884193739748 2.0961569766698 -0.211099250404187 -0.148909784989039
 2.1269408886394303 -0.22610812472702554 -0.16290864128170746 2.11850006137731 -0.222370510588529 -0.159027776137385
 2.148515971508688 -0.23738590847156432 -0.1722634518176509 2.14003063751059 -0.233155376222256 -0.168779834106957
 2.1674704652984182 -0.2463217266434031 -0.1813808039881463 2.15972070641599 -0.243035134824947 -0.177691648067995
 2.1869391264482014 -0.2566167365634371 -0.1896320016753215 2.17796009909293 -0.252198000205729 -0.185930500627857
 2.2044076539483353 -0.26543646201998444 -0.1974306475144339 2.19559984177569 -0.260999706876148 -0.193896500814864
 2.2206424112561187 -0.2736972254721527 -0.2046204722445768 2.21165797623183 -0.26903020194468 -0.201146746886478
 2.235437487418573 -0.28069216103133193 -0.21163939809162455 2.22647456879068 -0.276455111181373 -0.207823686541568
 2.249101415127472 -0.2877085886503533 -0.21766445885257313 2.2408887213355 -0.283628164150678 -0.214315046163014
 2.2624049626709657 -0.2942556881277417 -0.22370814986534848 2.25394156045132 -0.290140968799915 -0.220196289400623
 2.273712308967917 -0.2990503970974422 -0.22957981852189116 2.26592135501362 -0.296136341910926 -0.225584604283017
 2.2854372996021586 -0.3053323142638256 -0.23445682944784865 2.27766349714826 -0.30197048159904 -0.23085907198008
 2.296734909717357 -0.3115206761967335 -0.2390064120805904 2.28822251887893 -0.307233514997566 -0.235608243317696
 2.3068052000510977 -0.3160638070265839 -0.243908104332279 2.29853527011664 -0.312341473144269 -0.240239547173599
 2.3159489719270288 -0.32085994257080613 -0.24781925241573885 2.30772915515443 -0.316915677710701 -0.244374230861931
 2.3250871573639436 -0.3255115537138292 -0.2517866319952511 2.31673121116616 -0.321367987135037 -0.248413751962199
 2.3337653029574534 -0.32976000052097076 -0.2556789360457099 2.32469823143892 -0.325329675857472 -0.251995031182969
 2.3411511355037864 -0.33328410487768223 -0.25912580370395066 2.33253305955104 -0.329202658362135 -0.255507040376293
 2.3480793177076253 -0.3372342687599377 -0.2618166957450919 2.33940877243707 -0.332622988243451 -0.258596097266314
 2.3549568877239406 -0.3407054188499425 -0.2648229858531303 2.34620738853129 -0.335984570226093 -0.261639951893136
 2.3613838027453236 -0.3438050972769543 -0.26774973203034197 2.35278714798663 -0.339216083229494 -0.264588264769564
 2.3673481392022806 -0.34664948573531634 -0.27049394309110203 2.35842512679589 -0.342007580123087 -0.267124696101303
 2.372171521711013 -0.34914810108417227 -0.2726111687741428 2.36399198387927 -0.344750178991074 -0.269618677082615
 2.377924118773401 -0.3518292326442551 -0.27525870074247155 2.36873061524572 -0.34710827193913 -0.271749046316045
 2.382252157161081 -0.3539899410030053 -0.277211439507777 2.37346911288879 -0.349453086230036 -0.273867289566272
 2.3866418527690945 -0.3561701253517677 -0.27916645889214714 2.37811096002068 -0.351734043535562 -0.275941126987729
 2.390867772414738 -0.358215979386707 -0.28108030842187093 2.38193819726269 -0.353636900997618 -0.277662359574075
 2.3948459468392795 -0.3601078558044918 -0.28290658499121996 2.38577282911737 -0.355533227866941 -0.279376346514067
 2.3978582641557606 -0.3616766548768255 -0.2842352937090662 2.3895456002384 -0.357386288070411 -0.281060389997921
 2.401067612817726 -0.3633331583037306 -0.28562077203571795 2.39254457095527 -0.35888211468728 -0.282410759979792
 2.4042575782472038 -0.3649189915073689 -0.2870299303556031 2.39557340241777 -0.360385086274668 -0.283764198364211
 2.4073156179403656 -0.3663885346227599 -0.2884155741286615 2.39858075772025 -0.361867219929524 -0.285104228522548
 2.4101959668906177 -0.36774061225124366 -0.289744773365775 2.39934410129051 -0.362305236966974 -0.285478815620394
 2.4111279731475768 -0.36834777443935135 -0.2901798058415879 2.40408311116735 -0.364591631000545 -0.28753815113313
 2.4153601921509336 -0.37028340831134077 -0.29203054376457444 2.40481855811639 -0.365001017744155 -0.287896921594033
 2.4162007630395395 -0.37078626673827136 -0.29245285690276057 2.40863920847587 -0.366842012103221 -0.289572301057275
 2.4192458577720153 -0.37222826809193027 -0.29377432258602326 2.40936366344955 -0.367235254207715 -0.289920757836714]
      > Compare with LassoPath
    > γ=2
      Failure :: (line:-1) :: γ=2 :: fact was false
        Expression: issimilarhead(full(glp.coefs'),gcoefs'; rtol=rtol) --> true
          Expected: true
          Occurred: [0.0 0.0 0.0 0.0 0.0 0.0
 0.09335384357291346 0.0 0.0 0.0933538367066176 0.0 0.0
 0.3763162069184162 0.0 0.0 0.376307025140964 0.0 0.0
 0.7924686892901273 0.0 0.0 0.792437858805041 0.0 0.0
 1.096396492654789 0.0 0.0 1.09600970047017 0.0 0.0
 1.2415112056389987 0.0 0.0 1.24117988075324 0.0 0.0
 1.310968615186914 0.0 0.0 1.31058267820773 0.0 0.0
 1.354796070467907 0.0 0.0 1.3540852422375 0.0 0.0
 1.3897916205629883 0.0 0.0 1.38913686136407 0.0 0.0
 1.420650606249957 0.0 0.0 1.4198089865153 0.0 0.0
 1.4487044461248255 0.0 0.0 1.44784750113826 0.0 0.0
 1.4744437039340452 0.0 0.0 1.47360216128834 0.0 0.0
 1.4981447068757765 0.0 0.0 1.49732444575708 0.0 0.0
 1.5200144526422157 0.0 0.0 1.51921745658211 0.0 0.0
 1.5402254336415686 0.0 0.0 1.53945306723735 0.0 0.0
 1.5589265076299654 0.0 0.0 1.55817990674534 0.0 0.0
 1.5762481327745133 0.0 0.0 1.5755282106828 0.0 0.0
 1.5923057822582822 0.0 0.0 1.59161321412453 0.0 0.0
 1.6072024542717358 0.0 0.0 1.60653767687716 0.0 0.0
 1.6210306004363437 0.0 0.0 1.62039382401454 0.0 0.0
 1.6338736428388165 0.0 0.0 1.63326486994723 0.0 0.0
 1.6458071889438781 0.0 0.0 1.64493145079562 0.0 0.0
 1.6569000196787707 0.0 0.0 1.6560275203265 0.0 0.0
 1.6672149042012192 0.0 0.0 1.66638132065109 0.0 0.0
 1.6768092801661638 0.0 0.0 1.6760182714496 0.0 0.0
 1.685735828125054 0.0 0.0 1.68498669501939 0.0 0.0
 1.694042961499344 0.0 0.0 1.69333435710942 0.0 0.0
 1.7017752484042152 0.0 0.0 1.70110568461182 0.0 0.0
 1.708973777833342 0.0 0.0 1.70802293572809 0.0 0.0
 1.7156764799341468 0.0 0.0 1.71473108131057 0.0 0.0
 1.7219184080231114 0.0 0.0 1.72102100811979 0.0 0.0
 1.727731988417983 0.0 0.0 1.72688686672163 0.0 0.0
 1.7331472429618338 0.0 0.0 1.73235277186314 0.0 0.0
 1.7381919881865395 0.0 0.0 1.73744568873576 0.0 0.0
 1.7428920143410065 0.0 0.0 1.74219134587443 0.0 0.0
 1.7472712469420209 0.0 0.0 1.74628684459534 0.0 0.0
 1.7513518930561442 0.0 0.0 1.75035985938689 0.0 0.0
 1.7551545741619796 0.0 0.0 1.75421050584851 0.0 0.0
 1.7586984471533187 0.0 0.0 1.75781121034627 0.0 0.0
 1.762001314809336 0.0 0.0 1.76117000238156 0.0 0.0
 1.7650797268666825 0.0 0.0 1.76430150207279 0.0 0.0
 1.7679490726709022 0.0 0.0 1.76722082833691 0.0 0.0
 1.7706236662542425 0.0 0.0 1.76960762499975 0.0 0.0
 1.7731168245781963 0.0 0.0 1.77240915300169 0.0 0.0
 1.7754409395878763 0.0 0.0 1.77453137690004 0.0 0.0
 1.7776075446482595 0.0 0.0 1.77668123593477 0.0 0.0
 1.8095562415752975 -0.033443887113300944 -0.0006603207417195231 1.80056858881531 -0.0256179601501216 -1.94433153533453e-5
 1.8689755736404081 -0.08752794261457315 -0.009843388263565933 1.85569360543978 -0.0750775609238939 -0.00930961776096323
 1.933153807568897 -0.14327415536996146 -0.02212772740328587 1.9188666253109 -0.129291951999599 -0.0221727747109715
 1.9890574353750745 -0.18356712910717038 -0.04028331917322279 1.97657463153381 -0.174103305979546 -0.0381493947224669
 2.035899195359111 -0.21260354130761325 -0.06060693738901926 2.02470420597342 -0.204988983872768 -0.057649160947743
 2.0764043165597275 -0.23145486760471584 -0.0837596036166108 2.06564554158899 -0.225188051257873 -0.0799567040378003
 2.111498764580331 -0.2448559500938897 -0.10664293599763314 2.10068747091869 -0.238746366544639 -0.102624492968581
 2.140383588271294 -0.2529614612124709 -0.12826026633764032 2.13087047229682 -0.248904065895192 -0.123576905828746
 2.166762352982588 -0.2614098479948077 -0.14685862933293353 2.15701731995432 -0.257547539132395 -0.141830632251083
 2.189795132585787 -0.26902423982836626 -0.16278076015993267 2.18051049320343 -0.265682130335778 -0.157730005032183
 2.2102930590873235 -0.2767157615114735 -0.17606180072667332 2.20153425742927 -0.273467227170754 -0.171406437820956
 2.2287180315448625 -0.2844341639417616 -0.18720718344474793 2.22040134297643 -0.280907020782748 -0.1831993323125
 2.246347420911866 -0.2921005219509811 -0.19737535850635593 2.2374045245737 -0.287958961824038 -0.193462632494351
 2.260301278729628 -0.2974616947594852 -0.20632187963552698 2.25278660128485 -0.294584481025065 -0.20248999158109
 2.2743520966592805 -0.30372022631224777 -0.2143260230955244 2.2667423168791 -0.300764487496535 -0.210504227039274
 2.2877765641200125 -0.31045993946014255 -0.22121640735914191 2.2794277713551 -0.306498144744403 -0.217669488878418
 2.299963785290599 -0.31603496242436135 -0.22791090385437016 2.29096917965128 -0.311796798761188 -0.224106841880944
 2.310225810954944 -0.32080285479527165 -0.2336324699138208 2.30215574838272 -0.316923849238827 -0.230256911904988
 2.3211517978307854 -0.3261156763533207 -0.23924662837992808 2.31208881539673 -0.321538974779488 -0.235702767578783
 2.3299548241520993 -0.33054496299731756 -0.2438318427963148 2.32101010187318 -0.325732732170467 -0.240567251578038
 2.3391047311072404 -0.33498664905997666 -0.24853661984705583 2.32974056580904 -0.329809225132815 -0.245272865058792
 2.34650104356986 -0.3386640941809706 -0.25242701733825773 2.33742088925883 -0.333441204134525 -0.249418059019502
 2.353585150175803 -0.34134449378298376 -0.25679762403697154 2.34492735991428 -0.336963589699689 -0.25342967497771
 2.3599216786222557 -0.3444337136883611 -0.2601756990123521 2.34567951581446 -0.337676815199006 -0.254086257763358
 2.3663384797515463 -0.34770553128770154 -0.2633675583724536 2.35727760884725 -0.3429329713942 -0.259952148710577
 2.3723321315018095 -0.35050369990292857 -0.2665540754829209 2.3580348924973 -0.343600126365856 -0.260580389943754
 2.377838111528465 -0.35299823091445903 -0.2695524249409997 2.36834547164523 -0.348235301403008 -0.265803421204345
 2.382212042883677 -0.3551819965187747 -0.2718750486129576 2.36909107815508 -0.34884282801901 -0.266387390378079
 2.3867439183990156 -0.35737791247418116 -0.27424513300648573 2.37803563360932 -0.352850489236895 -0.270920555530718
 2.391116257928956 -0.3594169356366591 -0.2765730202905389 2.37876104102129 -0.35340410826562 -0.271461111516987
 2.3919921597518283 -0.3602418192637626 -0.27717474170968615 2.3864219255588 -0.356837853468298 -0.275343002317087
 2.398797814207271 -0.36321034093595156 -0.2804923610804295 2.38712727725061 -0.35734527776815 -0.275844906321083
 2.3996350218187645 -0.36390165444070194 -0.28110192164634035 2.39295606922955 -0.36001036788067 -0.278813415736299
 2.405686377500923 -0.36634011034485475 -0.2842049679284908 2.39368528638247 -0.360496407607877 -0.279298764835817
 2.4064141046409793 -0.3669154415018145 -0.2847520740920899 2.39937652025788 -0.363061658454175 -0.282166218227117
 2.410973474702225 -0.368880686167097 -0.2870359270081322 2.40007953686442 -0.363509860468442 -0.282620499056411
 2.411761905828627 -0.3694423489176569 -0.28757270863389695 2.40475213372938 -0.365627189820785 -0.284984460578687
 2.4160514885001767 -0.371220293798677 -0.2897490633892922 2.40544331626035 -0.36604734109437 -0.285415143437114
 2.4167748530002555 -0.3717034809230396 -0.29024725931851586 2.40620794925802 -0.366524107755162 -0.285888202602799
 2.4198632122168493 -0.37307774073790834 -0.29178781098143397 2.41104323831105 -0.368687322798266 -0.288278832872581
 2.420663103366635 -0.3735726496956772 -0.2922858401110973 2.41174477119379 -0.36908433590062 -0.288693070082093
 2.4236630744779295 -0.37485616516409387 -0.29379244533108356 2.41249730921105 -0.369523086844965 -0.289138112332553
 2.4244187726681514 -0.37529004967721297 -0.2942679435257765 2.41639303752479 -0.371262412700665 -0.291066974389017
 2.4253583878055482 -0.37584026782518004 -0.29476592433188603 2.41708723779828 -0.371633122089371 -0.291460706055789
 2.4283448290720138 -0.3770766842427732 -0.29624922682011995 2.41781485163466 -0.372034450612465 -0.291876490808882
 2.429066885450008 -0.3774445956359617 -0.2967046033715375 2.41857955981115 -0.372451093988009 -0.292304767014135
 2.429910543642352 -0.37789385788023694 -0.29716794471400754 2.42235525033249 -0.37409835813276 -0.294149820127765
 2.4308338911660523 -0.37838675408350064 -0.2976432639407976 2.42301799610984 -0.374431501556652 -0.294513082684865
 2.4327476112475224 -0.3792145679011196 -0.2985884786022549 2.42369764405674 -0.374784056154345 -0.294889510994377
 2.433536183362978 -0.37958462433592005 -0.29904064731996804 2.42439747326497 -0.375144710662378 -0.295272046153965
 2.434363292802091 -0.3799792327088077 -0.29949014695234294 2.42511414534725 -0.375509000936955 -0.295657707022033
 2.435207676719421 -0.3803805002657002 -0.2999376295435334 2.42584320008955 -0.375874320070431 -0.296044614815156
 2.436053370650081 -0.38077591251575804 -0.30038192730282465 2.42658032252052 -0.376238708474522 -0.296431275621356
 2.436887711327052 -0.38115709845655416 -0.30082090539769246 2.4273216073762 -0.376600545176313 -0.296816400546731]
    > γ=10
      Failure :: (line:-1) :: γ=10 :: fact was false
        Expression: issimilarhead(full(glp.coefs'),gcoefs'; rtol=rtol) --> true
          Expected: true
          Occurred: [0.0 0.0 0.0 0.0 0.0 0.0
 0.09335384357291346 0.0 0.0 0.0933538367066176 0.0 0.0
 0.8141397966658768 0.0 0.0 0.814038281145875 0.0 0.0
 1.551870207556085 0.0 0.0 1.55129856475661 0.0 0.0
 1.6694511385951007 0.0 0.0 1.66877524155917 0.0 0.0
 1.6865160997821176 0.0 0.0 1.68560687485949 0.0 0.0
 1.6953654987294215 0.0 0.0 1.69458646116269 0.0 0.0
 1.703126382147047 0.0 0.0 1.70243828151884 0.0 0.0
 1.7103107947798244 0.0 0.0 1.70935187707064 0.0 0.0
 1.7169879527446255 0.0 0.0 1.71603602974939 0.0 0.0
 1.7231967976735316 0.0 0.0 1.72229477412581 0.0 0.0
 1.7289717039809995 0.0 0.0 1.72812390762836 0.0 0.0
 1.7343442216762734 0.0 0.0 1.73354878336566 0.0 0.0
 1.7393434112258157 0.0 0.0 1.73859756425185 0.0 0.0
 1.7439960746929433 0.0 0.0 1.74329701470915 0.0 0.0
 1.7483269572251299 0.0 0.0 1.74734823832617 0.0 0.0
 1.752358926166409 0.0 0.0 1.75137273776633 0.0 0.0
 1.7561131310946652 0.0 0.0 1.75517531100118 0.0 0.0
 1.7596091473806788 0.0 0.0 1.75872869742666 0.0 0.0
 1.7628651054210693 0.0 0.0 1.7620410539313 0.0 0.0
 1.7658978073460225 0.0 0.0 1.76512719324314 0.0 0.0
 1.7687228327194247 0.0 0.0 1.76800242411731 0.0 0.0
 1.7713546345187163 0.0 0.0 1.7703516162022 0.0 0.0
 1.7738066264933343 0.0 0.0 1.77310718758798 0.0 0.0
 1.7760912628451537 0.0 0.0 1.77519430469115 0.0 0.0
 1.7782201110455649 0.0 0.0 1.77730703021265 0.0 0.0
 1.7802039184962064 0.0 0.0 1.77932796830349 0.0 0.0
 1.7820526736501114 0.0 0.0 1.78122759300438 0.0 0.0
 1.783775662133756 0.0 0.0 1.78300312821847 0.0 0.0
 1.7853815183457666 0.0 0.0 1.78465963829022 0.0 0.0
 1.7868782729527821 0.0 0.0 1.78538819231141 0.0 0.0
 1.7882733966555615 0.0 0.0 1.78739199012005 0.0 0.0
 1.789573840557556 0.0 0.0 1.78810685188396 0.0 0.0
 1.7907860734327714 0.0 0.0 1.78996617021932 0.0 0.0
 1.791916116158943 0.0 0.0 1.79060417559604 0.0 0.0
 1.7929695735551607 0.0 0.0 1.79224497532591 0.0 0.0
 1.7939516638394548 0.0 0.0 1.79280278105852 0.0 0.0
 1.7948672459011081 0.0 0.0 1.79347663450659 0.0 0.0
 1.795720844564042 0.0 0.0 1.79420861786482 0.0 0.0
 1.7965166740013967 0.0 0.0 1.79496103830734 0.0 0.0
 1.7972586594468694 0.0 0.0 1.79570975389736 0.0 0.0
 1.7979504573354972 0.0 0.0 1.79643967339757 0.0 0.0
 1.7985953138214907 0.0 0.0 1.79714172630861 0.0 0.0
 1.7991967429463733 0.0 0.0 1.79781082543719 0.0 0.0
 1.828707137575008 -0.030911450254701 -0.0019558075172640753 1.81848094349159 -0.0231287382984418 -0.000145743160248851
 1.9506140720286314 -0.16699114837196877 0.0 1.92411194292708 -0.139359216516617 0.0
 2.120176919619148 -0.3507178237826212 0.0 2.09594905111501 -0.326220833363437 0.0
 2.1856453060137713 -0.4206731543604085 0.0 2.17416917369416 -0.409705144454564 0.0
 2.2028154262680926 -0.438530908007087 0.0 2.19331676067311 -0.429927219845559 0.0
 2.2099729346650756 -0.44594881839280154 0.0 2.20180011596383 -0.438543336287398 0.0
 2.2161894332115457 -0.4521506256143218 0.0 2.20734482577308 -0.444238469136441 0.0
 2.2209801613930775 -0.4570903315526899 0.0 2.21282120724177 -0.449742451252714 0.0
 2.2380949385366926 -0.45551978139323085 -0.0194326421851579 2.22880915959407 -0.452483449694592 -0.0141152335733834
 2.274609910377555 -0.4302620667883587 -0.08351939251881522 2.26347908401346 -0.436663264624681 -0.0663598249330375
 2.3258470086034873 -0.3915606050538694 -0.17604801040140183 2.31433907590325 -0.400515919566026 -0.15586734005869
 2.3571933671900065 -0.36791051765085164 -0.2321218221674534 2.34927744826721 -0.373424955109402 -0.219291707251752
 2.369320497251528 -0.360270941258666 -0.25231862858389675 2.36385321927692 -0.36339023334556 -0.244308532611838
 2.3771294169527097 -0.3600020565462467 -0.2604295071076227 2.36945835226401 -0.361147166302053 -0.252591209821845
 2.3814905285107044 -0.3607551291656435 -0.26436573221003473 2.37309974015917 -0.360684302506265 -0.257035370361764
 2.3860663323426805 -0.36204189245137836 -0.26777992999750283 2.37773038944324 -0.360777354652539 -0.261648054673847
 2.3905183033275077 -0.3634859401198286 -0.27087611920338345 2.38227218932761 -0.361365337603927 -0.265662324586874
 2.3913215889046526 -0.36419291425515987 -0.2717029954185604 2.38295702601437 -0.361690598521579 -0.266444618956977
 2.3984297600853077 -0.3665977548106351 -0.2758495129554772 2.38969386180423 -0.36327180837623 -0.271369631708243
 2.399204700907036 -0.36720713426187396 -0.276647008997053 2.39038723683618 -0.363643080547977 -0.272056935103534
 2.405552226104239 -0.36920408325196347 -0.2804494671456265 2.39619995488762 -0.365358518434102 -0.275973336353281
 2.406230244692609 -0.3697093010252765 -0.2811509509501261 2.39690398817496 -0.365735397540992 -0.276591649616638
 2.41100173839087 -0.3713612339373992 -0.28394367429648537 2.40248377378681 -0.367539106753165 -0.280134893295948
 2.4117570971842164 -0.3718535296660298 -0.2846137117057739 2.40315448354391 -0.367899637275657 -0.280684783168349
 2.416197459859313 -0.37334327741298257 -0.28721664680829384 2.4039132054674 -0.368314702668135 -0.281286162330482
 2.416887189772519 -0.3737640612078989 -0.2878237246830177 2.4095779881357 -0.370266878748825 -0.284667506805436
 2.4200654888092417 -0.37494073531199856 -0.2896566301961293 2.41024920886842 -0.370610469563618 -0.285168757029588
 2.4208438903141007 -0.3753738249669371 -0.2902533387541088 2.41098318018681 -0.370994867264499 -0.285707814075414
 2.42391002039687 -0.37647071887631045 -0.2920157832997766 2.41491007316176 -0.372433798080465 -0.288018041216764
 2.424643513619507 -0.376847595369971 -0.29257514146192665 2.415604627853 -0.372765046119352 -0.28849350672369
 2.4255823702030606 -0.3773362148320164 -0.29316551090741366 2.41633865824265 -0.37312742816852 -0.288996364629842
 2.4286189401981346 -0.3783960684965144 -0.2948732793031726 2.42009513139634 -0.374504171375729 -0.291149994049334
 2.4293201046051385 -0.3787118806143322 -0.2953976699106993 2.42075294197491 -0.374806149436741 -0.291581749246617
 2.430158620845974 -0.37910629812389623 -0.29593527666673886 2.42143652662256 -0.375131179185704 -0.29203278886225
 2.4310807400936016 -0.37954241236154024 -0.29648718262041734 2.42214958086323 -0.375466247289581 -0.292494043745442
 2.4337559277265877 -0.38039737834285675 -0.2980230192859652 2.42288788769065 -0.375806447999624 -0.292961392498451
 2.434354171987666 -0.38062795608394207 -0.2984759857716271 2.42364588788104 -0.376149038923401 -0.293432105493451
 2.4350344306430065 -0.3809126474343289 -0.29892753398845207 2.42662154960429 -0.377252273305031 -0.295086543494266
 2.435762039937262 -0.3812262665163307 -0.2993799353870361 2.42728526264387 -0.377531077996217 -0.295487149690917
 2.436515651804291 -0.3815506145863389 -0.29983275622640104 2.42795144318433 -0.377819811589149 -0.295893914279457
 2.437277895641372 -0.38187296223211553 -0.3002839893494081 2.42862361799338 -0.378110071224101 -0.296301104430828
 2.438035026859309 -0.3821847825382608 -0.3007308535789929 2.42929987155152 -0.378398940459563 -0.296706330269404
 2.4387765003152344 -0.3824807151676537 -0.30117033858521786 2.42997731999526 -0.378684938926073 -0.297108123134912
 2.439494517916931 -0.38275773365744664 -0.3015995574343471 2.43065314633645 -0.37896704422806 -0.297505348055724
 2.4401835836033965 -0.3830144873537822 -0.3020159572884206 2.43132481923448 -0.379244446828359 -0.2978970538276
 2.440840086957087 -0.3832507903446227 -0.30241742838655533 2.43199011965989 -0.379516480570661 -0.29828242798783
 2.4414619277591476 -0.38346723181341047 -0.30280234258088984 2.43264712391731 -0.379782596040028 -0.298660777434014
 2.4420481873042004 -0.38366488492282075 -0.3031695452861535 2.43329417820766 -0.380042345067311 -0.299031515788768
 2.4425988477483087 -0.3838450942858739 -0.3035183186294747 2.4339298729591 -0.380295368755166 -0.299394152976562
 2.44311455774041 -0.38400932504210095 -0.3038483287147406 2.43455301875245 -0.380541387137512 -0.299748285897452
 2.4435964407181903 -0.3841590593670184 -0.30415956608517924 2.43516262415275 -0.380780189953453 -0.300093589896515
 2.444045941232372 -0.384295728806816 -0.3044522855183729 2.43575787540575 -0.381011628348183 -0.30042981092292
 2.4444647042551346 -0.38442067309725136 -0.30472694906701725 2.43633811788178 -0.381235607397149 -0.300756758320405
 2.4448544824371536 -0.38453511808025387 -0.3049841746275107 2.43690283913837 -0.381452079374741 -0.301074298203699
 2.4452170665558874 -0.38464016698011627 -0.30522469115477935 2.43745165347711 -0.381661037699038 -0.301382347380229
 2.4455542348348374 -0.3847368006641462 -0.30544930084115013 2.43798428787733 -0.381862511490927 -0.301680867778992]
  > poisson
    > γ=0
      Failure :: (line:-1) :: γ=0 :: fact was false
        Expression: issimilarhead(full(glp.coefs'),gcoefs'; rtol=rtol) --> true
          Expected: true
          Occurred: [6.3037102174976906e-15 0.0 0.0 0.0 0.0 0.0
 0.1496497228180605 0.0 0.0 0.149649917417508 0.0 0.0
 0.2878271983844613 0.0 0.0 0.287828010302591 0.0 0.0
 0.4153665185478623 0.0 0.0 0.415369434307137 0.0 0.0
 0.5329897623077764 0.0 0.0 0.532997302096782 0.0 0.0
 0.6413709924969092 0.0 0.0 0.641386823827207 0.0 0.0
 0.7411682389155305 0.0 0.0 0.741187871525613 0.0 0.0
 0.8330327038033286 0.0 0.0 0.833061501217203 0.0 0.0
 0.917604406485125 0.0 0.0 0.917640427570172 0.0 0.0
 0.9955020773186379 0.0 0.0 0.995521640527778 0.0 0.0
 1.067312664689514 0.0 0.0 1.06733432842848 0.0 0.0
 1.133583292524975 0.0 0.0 1.13357118265819 0.0 0.0
 1.1948165815725504 0.0 0.0 1.19480634884159 0.0 0.0
 1.2514691103162827 0.0 0.0 1.25141744190602 0.0 0.0
 1.3039522993807908 0.0 0.0 1.30385076592825 0.0 0.0
 1.3526349153775987 0.0 0.0 1.35254829993931 0.0 0.0
 1.3978464991732098 0.0 0.0 1.39771536802889 0.0 0.0
 1.4398811961690465 0.0 0.0 1.4397033330981 0.0 0.0
 1.4790016336400287 0.0 0.0 1.47877633259307 0.0 0.0
 1.5154426256189797 0.0 0.0 1.51525809500529 0.0 0.0
 1.549414584551721 0.0 0.0 1.54897275140048 0.0 0.0
 1.5811065857753044 0.0 0.0 1.5806061672379 0.0 0.0
 1.6106890732647854 0.0 0.0 1.61013789318035 0.0 0.0
 1.6383162107223925 0.0 0.0 1.63772040217754 0.0 0.0
 1.664127961410548 0.0 0.0 1.66349375466531 0.0 0.0
 1.688251789698629 0.0 0.0 1.68758541757947 0.0 0.0
 1.7108042026281636 0.0 0.0 1.71011177134036 0.0 0.0
 1.7318920301560174 0.0 0.0 1.73117942228061 0.0 0.0
 1.7516135265013464 0.0 0.0 1.7508863259197 0.0 0.0
 1.7700593120350303 0.0 0.0 1.76932274820952 0.0 0.0
 1.7873131798953181 0.0 0.0 1.78657208901255 0.0 0.0
 1.8034527882940619 0.0 0.0 1.80271158890176 0.0 0.0
 1.8185502564978753 0.0 0.0 1.81781293741631 0.0 0.0
 1.8326726797907569 0.0 0.0 1.83194279824771 0.0 0.0
 1.8458825763653246 0.0 0.0 1.84516326448013 0.0 0.0
 1.858238277040186 0.0 0.0 1.85753225496534 0.0 0.0
 1.8697942669384962 0.0 0.0 1.86891911186784 0.0 0.0
 1.8806014867596161 0.0 0.0 1.87973777541234 0.0 0.0
 1.8907076000016707 0.0 0.0 1.88986949565401 0.0 0.0
 1.9001572314187523 0.0 0.0 1.89934700769814 0.0 0.0
 1.9089921810951735 0.0 0.0 1.90821092973636 0.0 0.0
 1.9172516177657437 0.0 0.0 1.91650004968779 0.0 0.0
 1.9249722543837517 0.0 0.0 1.92407084529259 0.0 0.0
 1.9321885084177226 0.0 0.0 1.93130729466851 0.0 0.0
 1.9389326489274619 0.0 0.0 1.93808911686224 0.0 0.0
 1.945234932114849 0.0 0.0 1.94443047878676 0.0 0.0
 1.9511237267530546 0.0 0.0 1.95017315205675 0.0 0.0
 2.01290582503934 -0.05951221447461283 0.0 1.99833941967847 -0.0456598352626786 0.0
 2.0760136180446573 -0.12063612176180957 0.0 2.06165886816784 -0.107016209627803 0.0
 2.1351813671099213 -0.17781461329450468 0.0 2.12096783839576 -0.164361430554178 0.0
 2.190694996758375 -0.23134591404347607 0.0 2.17631781257307 -0.217769325688238 0.0
 2.242741910837587 -0.28143567533700997 0.0 2.22842857450426 -0.267947986207223 0.0
 2.2915678485778166 -0.3283368930430344 0.0 2.27707537231868 -0.314707912194734 0.0
 2.3373536474412093 -0.3722411868697935 0.0 2.32234002947558 -0.358159737323197 0.0
 2.3803014565165026 -0.41335563888290655 0.0 2.36521549646958 -0.399231391354925 0.0
 2.420527048213077 -0.4518082107529793 0.0 2.40551679166637 -0.437776005686624 0.0
 2.4582526310573707 -0.4878180311961401 0.0 2.44304612126671 -0.473623045141958 0.0
 2.4936297618269005 -0.5215395691215989 0.0 2.47840703933123 -0.507350581716067 0.0
 2.5267365813050713 -0.5530608114891737 0.0 2.51159488598373 -0.538964722262589 0.0
 2.5577941036100156 -0.5825933029718025 0.0 2.5424277097278 -0.568306379547986 0.0
 2.586843092685475 -0.6101888169909937 0.0 2.57147874383121 -0.595919149013657 0.0
 2.6140767704585435 -0.6360312528303983 0.0 2.59873779857935 -0.621801028571092 0.0
 2.639563817352978 -0.6601940916441017 0.0 2.62399922981957 -0.645768642928005 0.0
 2.6634332031177443 -0.6828023744893122 0.0 2.64807792148709 -0.668584990642378 0.0
 2.6857835317610603 -0.7039534852604281 0.0 2.67024157186036 -0.689576486227978 0.0
 2.7066872660815435 -0.7237210229154304 0.0 2.69108138966291 -0.709296941452815 0.0
 2.726237902624855 -0.7421960687166722 0.0 2.71060934486286 -0.727761871485894 0.0
 2.7445403152679004 -0.7594787868859768 0.0 2.72887830789407 -0.745024521204177 0.0
 2.761659756579488 -0.7756340648206705 0.0 2.74595326978296 -0.76114890691277 0.0
 2.7776584514795024 -0.7907235071952693 0.0 2.76190093381689 -0.776200216465828 0.0
 2.792630444692941 -0.8048358007002169 0.0 2.77678590588124 -0.79024132698188 0.0
 2.8066197125966785 -0.8180155033574437 0.0 2.79094626640849 -0.803586692924472 0.0
 2.81968087412071 -0.8303159433643 0.0 2.80376105192306 -0.815666874598632 0.0
 2.831916461686538 -0.8418316141978519 0.0 2.8160229891461 -0.827214570884528 0.0
 2.843332217335813 -0.8525724685629945 0.0 2.82735910006114 -0.837888399056561 0.0
 2.8540186525386133 -0.8626217197091727 0.0 2.83813550068792 -0.84802721208291 0.0
 2.863983557502023 -0.8719903842570716 0.0 2.84803208338773 -0.857338428264987 0.0]
      > Compare with LassoPath
    > γ=2
      Failure :: (line:-1) :: γ=2 :: fact was false
        Expression: issimilarhead(glp.b0,fittable[:fit_alpha]; rtol=rtol) --> true
          Expected: true
          Occurred: [6.41852318387948 6.41852316159085
 6.4077554359936615 6.40775540733629
 6.159018604120993 6.15892708321023
 5.419949595262196 5.41889460568529
 5.007973829997006 5.00742033201348
 4.884318855906425 4.88501286681837
 4.827178185618379 4.82869589946419
 4.783263532740441 4.78469774925206
 4.743830129872002 4.74522378111434
 4.707434622461123 4.70881551750211
 4.673684478116842 4.67541207842785
 4.642345242672201 4.64409090216865
 4.61322189691386 4.61493519536789
 4.586141433632397 4.5878107502517
 4.560948182365316 4.56256803364698
 4.537501135594637 4.53906775955654
 4.515671938615691 4.51755405065475
 4.49534328742935 4.49719774334141
 4.476407624155865 4.47818932652608
 4.458766057985809 4.46046926600522
 4.442327460290957 4.44433944803383
 4.4270076962706355 4.42897682594064
 4.412728965139921 4.41460644201535
 4.399419227745693 4.4012004335228
 4.38701170548497 4.38909156334513
 4.375444438064995 4.37747666920232
 4.364659890369076 4.36658972975123
 4.354604600740128 4.35642678919507
 4.345228864548102 4.34733942095005
 4.336486448099045 4.33855304030858
 4.328334328863964 4.33029432921366
 4.3207324587239 4.32257808396752
 4.313643547491642 4.31576924880627
 4.307032864417707 4.30912514095553
 4.3008680557452195 4.30285492803803
 4.29511897666523 4.29698806839919
 4.289757536257561 4.2919022388773
 4.284757554192072 4.28688559122636
 4.280094628122436 4.28212347363897
 4.275746010834606 4.27765630096053
 4.265402746565146 4.27024268452971
 4.242206844248622 4.25005012979078
 4.206559424973683 4.2170027824966
 4.1730544783153825 4.18345524610371
 4.150248439609274 4.15959791460606
 4.135158260351076 4.14378421781456
 4.123739599562226 4.13228754039247
 4.114076979112946 4.12253092862084
 4.105453088450898 4.11384441054394
 4.097615420720216 4.10597413645504
 4.090437535209106 4.09885058670365
 4.08384624911751 4.09226355769633
 4.077761005565753 4.0862121934321
 4.072145385782134 4.08053114642755
 4.066958794492091 4.07538340660239
 4.062152667408069 4.07056670289671
 4.057683628777374 4.06609460705741
 4.053559968349609 4.06209752616192]
      Failure :: (line:-1) :: γ=2 :: fact was false
        Expression: issimilarhead(full(glp.coefs'),gcoefs'; rtol=rtol) --> true
          Expected: true
          Occurred: [6.3037102174976906e-15 0.0 0.0 0.0 0.0 0.0
 0.14964972281808706 0.0 0.0 0.149649917417508 0.0 0.0
 0.7172021678899261 0.0 0.0 0.717326781194177 0.0 0.0
 1.3868709321959178 0.0 0.0 1.38758131050105 0.0 0.0
 1.6391909804295897 0.0 0.0 1.63950187717964 0.0 0.0
 1.7071098984120183 0.0 0.0 1.7067367893849 0.0 0.0
 1.7375370487568216 0.0 0.0 1.73673629763522 0.0 0.0
 1.7605417815888844 0.0 0.0 1.75979551316143 0.0 0.0
 1.7809311191498098 0.0 0.0 1.78021473329802 0.0 0.0
 1.7995336951665912 0.0 0.0 1.79883158914082 0.0 0.0
 1.8166054999834302 0.0 0.0 1.81573572674364 0.0 0.0
 1.8323088759693764 0.0 0.0 1.83143787499318 0.0 0.0
 1.8467772117291545 0.0 0.0 1.84592933053175 0.0 0.0
 1.8601258227718855 0.0 0.0 1.85930586011454 0.0 0.0
 1.8724557696523696 0.0 0.0 1.87166552465689 0.0 0.0
 1.8838563178498984 0.0 0.0 1.88309681034705 0.0 0.0
 1.8944068140842951 0.0 0.0 1.89349954153643 0.0 0.0
 1.904178171620599 0.0 0.0 1.90328893250736 0.0 0.0
 1.9132340653091195 0.0 0.0 1.91238385110914 0.0 0.0
 1.9216319052909248 0.0 0.0 1.92082277456516 0.0 0.0
 1.9294236393203645 0.0 0.0 1.92847170783315 0.0 0.0
 1.9366564206597179 0.0 0.0 1.93572829970903 0.0 0.0
 1.9433731692926677 0.0 0.0 1.94249135185897 0.0 0.0
 1.949613047560805 0.0 0.0 1.94877916005313 0.0 0.0
 1.9554118664649465 0.0 0.0 1.95444103969092 0.0 0.0
 1.960802435266658 0.0 0.0 1.95985646817426 0.0 0.0
 1.9658148643185254 0.0 0.0 1.96491886950362 0.0 0.0
 1.9704768289976664 0.0 0.0 1.96963283200922 0.0 0.0
 1.9748138010425735 0.0 0.0 1.97383835672428 0.0 0.0
 1.978849252375291 0.0 0.0 1.97789607912705 0.0 0.0
 1.9826048355403092 0.0 0.0 1.9817025459789 0.0 0.0
 1.9861005441436046 0.0 0.0 1.98525240921469 0.0 0.0
 1.9893548560822085 0.0 0.0 1.98837957744869 0.0 0.0
 1.992384861881145 0.0 0.0 1.99142637459929 0.0 0.0
 1.9952063800736748 0.0 0.0 1.9942974689658 0.0 0.0
 1.9978340612525687 0.0 0.0 1.99698015734445 0.0 0.0
 2.0002814821690054 0.0 0.0 1.99930282439988 0.0 0.0
 2.0025612310499414 0.0 0.0 2.0015912755121 0.0 0.0
 2.004684985135164 0.0 0.0 2.00376122103775 0.0 0.0
 2.006663581294671 0.0 0.0 2.00579465704137 0.0 0.0
 2.0706154449260366 -0.06539053848501632 0.0 2.05533530487428 -0.0509217460852119 0.0
 2.2132494063743757 -0.2125732414010116 0.0 2.18198852023441 -0.181548795888174 0.0
 2.389188605143407 -0.3932312264118188 0.0 2.35259535091035 -0.356971869487427 0.0
 2.5232834347021913 -0.5296340001148654 0.0 2.49263779206157 -0.499740963959697 0.0
 2.602336026566612 -0.6092445237455574 0.0 2.57805664085302 -0.585962850361063 0.0
 2.6500695357265935 -0.656900942359814 0.0 2.62925253172338 -0.63716950968945 0.0
 2.6841437684843874 -0.6907058866638773 0.0 2.66442027994513 -0.672149494696571 0.0
 2.7119405039428033 -0.7181765809901598 0.0 2.69292187079613 -0.70034898259672 0.0
 2.7361069235477067 -0.7419974613580561 0.0 2.71760451254072 -0.724703353428888 0.0
 2.7576282777761403 -0.7631712066813869 0.0 2.73950469084024 -0.746271412306038 0.0
 2.777000780448952 -0.7822006962687669 0.0 2.75902355371903 -0.765472345552616 0.0
 2.7945319999820093 -0.7993992206098449 0.0 2.77675979102915 -0.782888349426983 0.0
 2.810493413530494 -0.8150364533556105 0.0 2.79284526893152 -0.798666246340991 0.0
 2.825053418546683 -0.8292857883766631 0.0 2.80770510098847 -0.813213822584577 0.0
 2.8383644333157143 -0.8423009205839729 0.0 2.82108881047319 -0.826316365822452 0.0
 2.85057748736023 -0.8542308333007116 0.0 2.83345396420549 -0.838403295351048 0.0
 2.861823445908105 -0.865204330223711 0.0 2.84483035051414 -0.849513854328842 0.0
 2.872137585069411 -0.875264935771575 0.0 2.85499842511312 -0.859453931783898 0.0]
    > γ=10
      Failure :: (line:-1) :: γ=10 :: fact was false
        Expression: issimilarhead(full(glp.coefs'),gcoefs'; rtol=rtol) --> true
          Expected: true
          Occurred: [6.3037102174976906e-15 0.0 0.0 0.0 0.0 0.0
 0.14964972281819158 0.0 0.0 0.149649917417508 0.0 0.0
 1.3578362750884698 0.0 0.0 1.35816617423951 0.0 0.0
 1.920414420649875 0.0 0.0 1.91967237372226 0.0 0.0
 1.9570427203821417 0.0 0.0 1.95636878335038 0.0 0.0
 1.9634162153731083 0.0 0.0 1.96256752317652 0.0 0.0
 1.9683094880291936 0.0 0.0 1.9674399389168 0.0 0.0
 1.9728223154167335 0.0 0.0 1.97180996850908 0.0 0.0
 1.9770165915915392 0.0 0.0 1.9760262996455 0.0 0.0
 1.9809167923382607 0.0 0.0 1.97997962504096 0.0 0.0
 1.9845444081801071 0.0 0.0 1.98366403597881 0.0 0.0
 1.9879192043951173 0.0 0.0 1.98690789345332 0.0 0.0
 1.9910594060555789 0.0 0.0 1.99006574325771 0.0 0.0
 1.993981835015612 0.0 0.0 1.9930399476517 0.0 0.0
 1.9967020315060917 0.0 0.0 1.99581759074765 0.0 0.0
 1.999234363102868 0.0 0.0 1.99822149336411 0.0 0.0
 2.0015921227087525 0.0 0.0 2.00058849829036 0.0 0.0
 2.0037876169155 0.0 0.0 2.00283207736494 0.0 0.0
 2.005832245904346 0.0 0.0 2.00493376282158 0.0 0.0
 2.0077365758732117 0.0 0.0 2.00670918162923 0.0 0.0
 2.009510404837713 0.0 0.0 2.00848082882647 0.0 0.0
 2.0111628225358285 0.0 0.0 2.01017513384755 0.0 0.0
 2.012702265067979 0.0 0.0 2.01177006771095 0.0 0.0
 2.014136564821829 0.0 0.0 2.01326233039039 0.0 0.0
 2.0154729961614515 0.0 0.0 2.0144757423571 0.0 0.0
 2.0167183173013687 0.0 0.0 2.01570521074253 0.0 0.0
 2.0178788087355675 0.0 0.0 2.01689578684826 0.0 0.0
 2.0189603085483725 0.0 0.0 2.01802574748176 0.0 0.0
 2.0199682448969227 0.0 0.0 2.01908819084276 0.0 0.0
 2.0209076659228966 0.0 0.0 2.01990261098084 0.0 0.0
 2.021783267323273 0.0 0.0 2.02074367828274 0.0 0.0
 2.0225994177857145 0.0 0.0 2.02157302022873 0.0 0.0
 2.0233601824729406 0.0 0.0 2.02237122868714 0.0 0.0
 2.0240693447219242 0.0 0.0 2.02312925123771 0.0 0.0
 2.0247304261073715 0.0 0.0 2.02384364273439 0.0 0.0
 2.0253467050045306 0.0 0.0 2.02411237937148 0.0 0.0
 2.02592123377361 0.0 0.0 2.02491858965603 0.0 0.0
 2.0264568546767205 0.0 0.0 2.02519330159296 0.0 0.0
 2.0811856013784036 -0.0570147389568446 0.0 2.06571799385503 -0.0423760369271087 0.0
 2.4295695609676176 -0.4199837956704466 0.0 2.36206148888213 -0.351534460734212 0.0
 2.8138763950073122 -0.8148052446321116 0.0 2.77494078259924 -0.776685120383223 0.0
 2.892245410444833 -0.8939082715108002 0.0 2.87287951659468 -0.875830403132444 0.0]
Out of 36 total facts:
  Verified: 29
  Failed:   7
LassoPath
  > Normal IdentityLink
    > dense
      > w/o intercept
        > alpha = 1.0
          > all-one penalty factors
            > w/o offset
              > sequential
                > covariance
                  > as SparseMatrixCSC
                  > as Matrix
                > naive
                  > as SparseMatrixCSC
                  > as Matrix
              > random
                > covariance
                  > as SparseMatrixCSC
                  > as Matrix
                > naive
                  > as SparseMatrixCSC
                  > as Matrix
            > w/ offset
              > sequential
                > covariance
                  > as SparseMatrixCSC
                  > as Matrix
                > naive
                  > as SparseMatrixCSC
                  > as Matrix
              > random
                > covariance
                  > as SparseMatrixCSC
                  > as Matrix
                > naive
                  > as SparseMatrixCSC
                  > as Matrix
          > non-one penalty factors
            > w/o offset
              > sequential
                > covariance
                  > as SparseMatrixCSC
                  > as Matrix
                > naive
                  > as SparseMatrixCSC
                  > as Matrix
              > random
                > covariance
                  > as SparseMatrixCSC
                  > as Matrix
                > naive
                  > as SparseMatrixCSC
                  > as Matrix
            > w/ offset
              > sequential
                > covariance
                  > as SparseMatrixCSC
                  > as Matrix
                > naive
                  > as SparseMatrixCSC
                  > as Matrix
              > random
                > covariance
                  > as SparseMatrixCSC
                  > as Matrix
                > naive
                  > as SparseMatrixCSC
                  > as Matrix
        > alpha = 0.5
          > all-one penalty factors
            > w/o offset
              > sequential
                > covariance
                  > as SparseMatrixCSC
                  > as Matrix
                > naive
                  > as SparseMatrixCSC
                  > as Matrix
              > random
                > covariance
                  > as SparseMatrixCSC
                  > as Matrix
                > naive
                  > as SparseMatrixCSC
                  > as Matrix
            > w/ offset
              > sequential
                > covariance
                  > as SparseMatrixCSC
                  > as Matrix
                > naive
                  > as SparseMatrixCSC
                  > as Matrix
              > random
                > covariance
                  > as SparseMatrixCSC
                  > as Matrix
                > naive
                  > as SparseMatrixCSC
                  > as Matrix
          > non-one penalty factors
            > w/o offset
              > sequential
                > covariance
                  > as SparseMatrixCSC
                  > as Matrix
                > naive
                  > as SparseMatrixCSC
                  > as Matrix
              > random
                > covariance
                  > as SparseMatrixCSC
                  > as Matrix
                > naive
                  > as SparseMatrixCSC
                  > as Matrix
            > w/ offset
              > sequential
                > covariance
                  > as SparseMatrixCSC
                  > as Matrix
                > naive
                  > as SparseMatrixCSC
                  > as Matrix
              > random
                > covariance
                  > as SparseMatrixCSC
                  > as Matrix
                > naive
                  > as SparseMatrixCSC
                  > as Matrix
      > w/ intercept
        > alpha = 1.0
          > all-one penalty factors
            > w/o offset
              > sequential
                > covariance
                  > as SparseMatrixCSC
                  > as Matrix
                > naive
                  > as SparseMatrixCSC
                  > as Matrix
              > random
                > covariance
                  > as SparseMatrixCSC
                  > as Matrix
                > naive
                  > as SparseMatrixCSC
                  > as Matrix
            > w/ offset
              > sequential
                > covariance
                  > as SparseMatrixCSC
                  > as Matrix
                > naive
                  > as SparseMatrixCSC
                  > as Matrix
              > random
                > covariance
                  > as SparseMatrixCSC
                  > as Matrix
                > naive
                  > as SparseMatrixCSC
                  > as Matrix
          > non-one penalty factors
            > w/o offset
              > sequential
                > covariance
                  > as SparseMatrixCSC
                  > as Matrix
                > naive
                  > as SparseMatrixCSC
                  > as Matrix
              > random
                > covariance
                  > as SparseMatrixCSC
                  > as Matrix
                > naive
                  > as SparseMatrixCSC
                  > as Matrix
            > w/ offset
              > sequential
                > covariance
                  > as SparseMatrixCSC
                  > as Matrix
                > naive
                  > as SparseMatrixCSC
                  > as Matrix
              > random
                > covariance
                  > as SparseMatrixCSC
                  > as Matrix
                > naive
                  > as SparseMatrixCSC
                  > as Matrix
        > alpha = 0.5
          > all-one penalty factors
            > w/o offset
              > sequential
                > covariance
                  > as SparseMatrixCSC
                  > as Matrix
                > naive
                  > as SparseMatrixCSC
                  > as Matrix
              > random
                > covariance
                  > as SparseMatrixCSC
                  > as Matrix
                > naive
                  > as SparseMatrixCSC
                  > as Matrix
            > w/ offset
              > sequential
                > covariance
                  > as SparseMatrixCSC
                  > as Matrix
                > naive
                  > as SparseMatrixCSC
                  > as Matrix
              > random
                > covariance
                  > as SparseMatrixCSC
                  > as Matrix
                > naive
                  > as SparseMatrixCSC
                  > as Matrix
          > non-one penalty factors
            > w/o offset
              > sequential
                > covariance
                  > as SparseMatrixCSC
                  > as Matrix
                > naive
                  > as SparseMatrixCSC
                  > as Matrix
              > random
                > covariance
                  > as SparseMatrixCSC
                  > as Matrix
                > naive
                  > as SparseMatrixCSC
                  > as Matrix
            > w/ offset
              > sequential
                > covariance
                  > as SparseMatrixCSC
                  > as Matrix
                > naive
                  > as SparseMatrixCSC
                  > as Matrix
              > random
                > covariance
                  > as SparseMatrixCSC
                  > as Matrix
                > naive
                  > as SparseMatrixCSC
                  > as Matrix
    > sparse
      > w/o intercept
        > alpha = 1.0
          > all-one penalty factors
            > w/o offset
              > sequential
                > covariance
                  > as SparseMatrixCSC
                  > as Matrix
                > naive
                  > as SparseMatrixCSC
                  > as Matrix
              > random
                > covariance
                  > as SparseMatrixCSC
                  > as Matrix
                > naive
                  > as SparseMatrixCSC
                  > as Matrix
            > w/ offset
              > sequential
                > covariance
                  > as SparseMatrixCSC
                  > as Matrix
                > naive
                  > as SparseMatrixCSC
                  > as Matrix
              > random
                > covariance
                  > as SparseMatrixCSC
                  > as Matrix
                > naive
                  > as SparseMatrixCSC
                  > as Matrix
          > non-one penalty factors
            > w/o offset
              > sequential
                > covariance
                  > as SparseMatrixCSC
                  > as Matrix
                > naive
                  > as SparseMatrixCSC
                  > as Matrix
              > random
                > covariance
                  > as SparseMatrixCSC
                  > as Matrix
                > naive
                  > as SparseMatrixCSC
                  > as Matrix
            > w/ offset
              > sequential
                > covariance
                  > as SparseMatrixCSC
                  > as Matrix
                > naive
                  > as SparseMatrixCSC
                  > as Matrix
              > random
                > covariance
                  > as SparseMatrixCSC
                  > as Matrix
                > naive
                  > as SparseMatrixCSC
                  > as Matrix
        > alpha = 0.5
          > all-one penalty factors
            > w/o offset
              > sequential
                > covariance
                  > as SparseMatrixCSC
                  > as Matrix
                > naive
                  > as SparseMatrixCSC
                  > as Matrix
              > random
                > covariance
                  > as SparseMatrixCSC
                  > as Matrix
                > naive
                  > as SparseMatrixCSC
                  > as Matrix
            > w/ offset
              > sequential
                > covariance
                  > as SparseMatrixCSC
                  > as Matrix
                > naive
                  > as SparseMatrixCSC
                  > as Matrix
              > random
                > covariance
                  > as SparseMatrixCSC
                  > as Matrix
                > naive
                  > as SparseMatrixCSC
                  > as Matrix
          > non-one penalty factors
            > w/o offset
              > sequential
                > covariance
                  > as SparseMatrixCSC
                  > as Matrix
                > naive
                  > as SparseMatrixCSC
                  > as Matrix
              > random
                > covariance
                  > as SparseMatrixCSC
                  > as Matrix
                > naive
                  > as SparseMatrixCSC
                  > as Matrix
            > w/ offset
              > sequential
                > covariance
                  > as SparseMatrixCSC
                  > as Matrix
                > naive
                  > as SparseMatrixCSC
                  > as Matrix
              > random
                > covariance
                  > as SparseMatrixCSC
                  > as Matrix
                > naive
                  > as SparseMatrixCSC
                  > as Matrix
      > w/ intercept
        > alpha = 1.0
          > all-one penalty factors
            > w/o offset
              > sequential
                > covariance
                  > as SparseMatrixCSC
                  > as Matrix
                > naive
                  > as SparseMatrixCSC
                  > as Matrix
              > random
                > covariance
                  > as SparseMatrixCSC
                  > as Matrix
                > naive
                  > as SparseMatrixCSC
                  > as Matrix
            > w/ offset
              > sequential
                > covariance
                  > as SparseMatrixCSC
                  > as Matrix
                > naive
                  > as SparseMatrixCSC
                  > as Matrix
              > random
                > covariance
                  > as SparseMatrixCSC
                  > as Matrix
                > naive
                  > as SparseMatrixCSC
                  > as Matrix
          > non-one penalty factors
            > w/o offset
              > sequential
                > covariance
                  > as SparseMatrixCSC
                  > as Matrix
                > naive
                  > as SparseMatrixCSC
                  > as Matrix
              > random
                > covariance
                  > as SparseMatrixCSC
                  > as Matrix
                > naive
                  > as SparseMatrixCSC
                  > as Matrix
            > w/ offset
              > sequential
                > covariance
                  > as SparseMatrixCSC
                  > as Matrix
                > naive
                  > as SparseMatrixCSC
                  > as Matrix
              > random
                > covariance
                  > as SparseMatrixCSC
                  > as Matrix
                > naive
                  > as SparseMatrixCSC
                  > as Matrix
        > alpha = 0.5
          > all-one penalty factors
            > w/o offset
              > sequential
                > covariance
                  > as SparseMatrixCSC
                  > as Matrix
                > naive
                  > as SparseMatrixCSC
                  > as Matrix
              > random
                > covariance
                  > as SparseMatrixCSC
                  > as Matrix
                > naive
                  > as SparseMatrixCSC
                  > as Matrix
            > w/ offset
              > sequential
                > covariance
                  > as SparseMatrixCSC
                  > as Matrix
                > naive
                  > as SparseMatrixCSC
                  > as Matrix
              > random
                > covariance
                  > as SparseMatrixCSC
                  > as Matrix
                > naive
                  > as SparseMatrixCSC
                  > as Matrix
          > non-one penalty factors
            > w/o offset
              > sequential
                > covariance
                  > as SparseMatrixCSC
                  > as Matrix
                > naive
                  > as SparseMatrixCSC
                  > as Matrix
              > random
                > covariance
                  > as SparseMatrixCSC
                  > as Matrix
                > naive
                  > as SparseMatrixCSC
                  > as Matrix
            > w/ offset
              > sequential
                > covariance
                  > as SparseMatrixCSC
                  > as Matrix
                > naive
                  > as SparseMatrixCSC
                  > as Matrix
              > random
                > covariance
                  > as SparseMatrixCSC
                  > as Matrix
                > naive
                  > as SparseMatrixCSC
                  > as Matrix
  > Binomial LogitLink
    > dense
      > w/o intercept
        > alpha = 1.0
          > all-one penalty factors
            > w/o offset
              > sequential
                > covariance
                  > as SparseMatrixCSC
                  > as Matrix
                > naive
                  > as SparseMatrixCSC
                  > as Matrix
              > random
                > covariance
                  > as SparseMatrixCSC
                  > as Matrix
                > naive
                  > as SparseMatrixCSC
                  > as Matrix
            > w/ offset
              > sequential
                > covariance
                  > as SparseMatrixCSC
                  > as Matrix
                > naive
                  > as SparseMatrixCSC
                  > as Matrix
              > random
                > covariance
                  > as SparseMatrixCSC
                  > as Matrix
                > naive
                  > as SparseMatrixCSC
                  > as Matrix
          > non-one penalty factors
            > w/o offset
              > sequential
                > covariance
                  > as SparseMatrixCSC
                  > as Matrix
                > naive
                  > as SparseMatrixCSC
                  > as Matrix
              > random
                > covariance
                  > as SparseMatrixCSC
                  > as Matrix
                > naive
                  > as SparseMatrixCSC
                  > as Matrix
            > w/ offset
              > sequential
                > covariance
                  > as SparseMatrixCSC
                  > as Matrix
                > naive
                  > as SparseMatrixCSC
                  > as Matrix
              > random
                > covariance
                  > as SparseMatrixCSC
                  > as Matrix
                > naive
                  > as SparseMatrixCSC
                  > as Matrix
        > alpha = 0.5
          > all-one penalty factors
            > w/o offset
              > sequential
                > covariance
                  > as SparseMatrixCSC
                  > as Matrix
                > naive
                  > as SparseMatrixCSC
                  > as Matrix
              > random
                > covariance
                  > as SparseMatrixCSC
                  > as Matrix
                > naive
                  > as SparseMatrixCSC
                  > as Matrix
            > w/ offset
              > sequential
                > covariance
                  > as SparseMatrixCSC
                  > as Matrix
                > naive
                  > as SparseMatrixCSC
                  > as Matrix
              > random
                > covariance
                  > as SparseMatrixCSC
                  > as Matrix
                > naive
                  > as SparseMatrixCSC
                  > as Matrix
          > non-one penalty factors
            > w/o offset
              > sequential
                > covariance
                  > as SparseMatrixCSC
                  > as Matrix
                > naive
                  > as SparseMatrixCSC
                  > as Matrix
              > random
                > covariance
                  > as SparseMatrixCSC
                  > as Matrix
                > naive
                  > as SparseMatrixCSC
                  > as Matrix
            > w/ offset
              > sequential
                > covariance
                  > as SparseMatrixCSC
                  > as Matrix
                > naive
                  > as SparseMatrixCSC
                  > as Matrix
              > random
                > covariance
                  > as SparseMatrixCSC
                  > as Matrix
                > naive
                  > as SparseMatrixCSC
                  > as Matrix
      > w/ intercept
        > alpha = 1.0
          > all-one penalty factors
            > w/o offset
              > sequential
                > covariance
                  > as SparseMatrixCSC
                  > as Matrix
                > naive
                  > as SparseMatrixCSC
                  > as Matrix
              > random
                > covariance
                  > as SparseMatrixCSC
                  > as Matrix
                > naive
                  > as SparseMatrixCSC
                  > as Matrix
            > w/ offset
              > sequential
                > covariance
                  > as SparseMatrixCSC
                  > as Matrix
                > naive
                  > as SparseMatrixCSC
                  > as Matrix
              > random
                > covariance
                  > as SparseMatrixCSC
                  > as Matrix
                > naive
                  > as SparseMatrixCSC
                  > as Matrix
          > non-one penalty factors
            > w/o offset
              > sequential
                > covariance
                  > as SparseMatrixCSC
                  > as Matrix
                > naive
                  > as SparseMatrixCSC
                  > as Matrix
              > random
                > covariance
                  > as SparseMatrixCSC
                  > as Matrix
                > naive
                  > as SparseMatrixCSC
                  > as Matrix
            > w/ offset
              > sequential
                > covariance
                  > as SparseMatrixCSC
                  > as Matrix
                > naive
                  > as SparseMatrixCSC
                  > as Matrix
              > random
                > covariance
                  > as SparseMatrixCSC
                  > as Matrix
                > naive
                  > as SparseMatrixCSC
                  > as Matrix
        > alpha = 0.5
          > all-one penalty factors
            > w/o offset
              > sequential
                > covariance
                  > as SparseMatrixCSC
                  > as Matrix
                > naive
                  > as SparseMatrixCSC
                  > as Matrix
              > random
                > covariance
                  > as SparseMatrixCSC
                  > as Matrix
                > naive
                  > as SparseMatrixCSC
                  > as Matrix
            > w/ offset
              > sequential
                > covariance
                  > as SparseMatrixCSC
                  > as Matrix
                > naive
                  > as SparseMatrixCSC
                  > as Matrix
              > random
                > covariance
                  > as SparseMatrixCSC
                  > as Matrix
                > naive
                  > as SparseMatrixCSC
                  > as Matrix
          > non-one penalty factors
            > w/o offset
              > sequential
                > covariance
                  > as SparseMatrixCSC
                  > as Matrix
                > naive
                  > as SparseMatrixCSC
                  > as Matrix
              > random
                > covariance
                  > as SparseMatrixCSC
                  > as Matrix
                > naive
                  > as SparseMatrixCSC
                  > as Matrix
            > w/ offset
              > sequential
                > covariance
                  > as SparseMatrixCSC
                  > as Matrix
                > naive
                  > as SparseMatrixCSC
                  > as Matrix
              > random
                > covariance
                  > as SparseMatrixCSC
                  > as Matrix
                > naive
                  > as SparseMatrixCSC
                  > as Matrix
    > sparse
      > w/o intercept
        > alpha = 1.0
          > all-one penalty factors
            > w/o offset
              > sequential
                > covariance
                  > as SparseMatrixCSC
                  > as Matrix
                > naive
                  > as SparseMatrixCSC
                  > as Matrix
              > random
                > covariance
                  > as SparseMatrixCSC
                  > as Matrix
                > naive
                  > as SparseMatrixCSC
                  > as Matrix
            > w/ offset
              > sequential
                > covariance
                  > as SparseMatrixCSC
                  > as Matrix
                > naive
                  > as SparseMatrixCSC
                  > as Matrix
              > random
                > covariance
                  > as SparseMatrixCSC
                  > as Matrix
                > naive
                  > as SparseMatrixCSC
                  > as Matrix
          > non-one penalty factors
            > w/o offset
              > sequential
                > covariance
                  > as SparseMatrixCSC
                  > as Matrix
                > naive
                  > as SparseMatrixCSC
                  > as Matrix
              > random
                > covariance
                  > as SparseMatrixCSC
                  > as Matrix
                > naive
                  > as SparseMatrixCSC
                  > as Matrix
            > w/ offset
              > sequential
                > covariance
                  > as SparseMatrixCSC
                  > as Matrix
                > naive
                  > as SparseMatrixCSC
                  > as Matrix
              > random
                > covariance
                  > as SparseMatrixCSC
                  > as Matrix
                > naive
                  > as SparseMatrixCSC
                  > as Matrix
        > alpha = 0.5
          > all-one penalty factors
            > w/o offset
              > sequential
                > covariance
                  > as SparseMatrixCSC
                  > as Matrix
                > naive
                  > as SparseMatrixCSC
                  > as Matrix
              > random
                > covariance
                  > as SparseMatrixCSC
                  > as Matrix
                > naive
                  > as SparseMatrixCSC
                  > as Matrix
            > w/ offset
              > sequential
                > covariance
                  > as SparseMatrixCSC
                  > as Matrix
                > naive
                  > as SparseMatrixCSC
                  > as Matrix
              > random
                > covariance
                  > as SparseMatrixCSC
                  > as Matrix
                > naive
                  > as SparseMatrixCSC
                  > as Matrix
          > non-one penalty factors
            > w/o offset
              > sequential
                > covariance
                  > as SparseMatrixCSC
                  > as Matrix
                > naive
                  > as SparseMatrixCSC
                  > as Matrix
              > random
                > covariance
                  > as SparseMatrixCSC
                  > as Matrix
                > naive
                  > as SparseMatrixCSC
                  > as Matrix
            > w/ offset
              > sequential
                > covariance
                  > as SparseMatrixCSC
                  > as Matrix
                > naive
                  > as SparseMatrixCSC
                  > as Matrix
              > random
                > covariance
                  > as SparseMatrixCSC
                  > as Matrix
                > naive
                  > as SparseMatrixCSC
                  > as Matrix
      > w/ intercept
        > alpha = 1.0
          > all-one penalty factors
            > w/o offset
              > sequential
                > covariance
                  > as SparseMatrixCSC
                  > as Matrix
                > naive
                  > as SparseMatrixCSC
                  > as Matrix
              > random
                > covariance
                  > as SparseMatrixCSC
                  > as Matrix
                > naive
                  > as SparseMatrixCSC
                  > as Matrix
            > w/ offset
              > sequential
                > covariance
                  > as SparseMatrixCSC
                  > as Matrix
                > naive
                  > as SparseMatrixCSC
                  > as Matrix
              > random
                > covariance
                  > as SparseMatrixCSC
                  > as Matrix
                > naive
                  > as SparseMatrixCSC
                  > as Matrix
          > non-one penalty factors
            > w/o offset
              > sequential
                > covariance
                  > as SparseMatrixCSC
                  > as Matrix
                > naive
                  > as SparseMatrixCSC
                  > as Matrix
              > random
                > covariance
                  > as SparseMatrixCSC
                  > as Matrix
                > naive
                  > as SparseMatrixCSC
                  > as Matrix
            > w/ offset
              > sequential
                > covariance
                  > as SparseMatrixCSC
                  > as Matrix
                > naive
                  > as SparseMatrixCSC
                  > as Matrix
              > random
                > covariance
                  > as SparseMatrixCSC
                  > as Matrix
                > naive
                  > as SparseMatrixCSC
                  > as Matrix
        > alpha = 0.5
          > all-one penalty factors
            > w/o offset
              > sequential
                > covariance
                  > as SparseMatrixCSC
                  > as Matrix
                > naive
                  > as SparseMatrixCSC
                  > as Matrix
              > random
                > covariance
                  > as SparseMatrixCSC
                  > as Matrix
                > naive
                  > as SparseMatrixCSC
                  > as Matrix
            > w/ offset
              > sequential
                > covariance
                  > as SparseMatrixCSC
                  > as Matrix
                > naive
                  > as SparseMatrixCSC
                  > as Matrix
              > random
                > covariance
                  > as SparseMatrixCSC
                  > as Matrix
                > naive
                  > as SparseMatrixCSC
                  > as Matrix
          > non-one penalty factors
            > w/o offset
              > sequential
                > covariance
                  > as SparseMatrixCSC
                  > as Matrix
                > naive
                  > as SparseMatrixCSC
                  > as Matrix
              > random
                > covariance
                  > as SparseMatrixCSC
                  > as Matrix
                > naive
                  > as SparseMatrixCSC
                  > as Matrix
            > w/ offset
              > sequential
                > covariance
                  > as SparseMatrixCSC
                  > as Matrix
                > naive
                  > as SparseMatrixCSC
                  > as Matrix
              > random
                > covariance
                  > as SparseMatrixCSC
                  > as Matrix
                > naive
                  > as SparseMatrixCSC
                  > as Matrix
  > Poisson LogLink
    > dense
      > w/o intercept
        > alpha = 1.0
          > all-one penalty factors
            > w/o offset
              > sequential
                > covariance
                  > as SparseMatrixCSC
                  > as Matrix
                > naive
                  > as SparseMatrixCSC
                  > as Matrix
              > random
                > covariance
                  > as SparseMatrixCSC
                  > as Matrix
                > naive
                  > as SparseMatrixCSC
                  > as Matrix
            > w/ offset
              > sequential
                > covariance
                  > as SparseMatrixCSC
                  > as Matrix
                > naive
                  > as SparseMatrixCSC
                  > as Matrix
              > random
                > covariance
                  > as SparseMatrixCSC
                  > as Matrix
                > naive
                  > as SparseMatrixCSC
                  > as Matrix
          > non-one penalty factors
            > w/o offset
              > sequential
                > covariance
                  > as SparseMatrixCSC
                  > as Matrix
                > naive
                  > as SparseMatrixCSC
                  > as Matrix
              > random
                > covariance
                  > as SparseMatrixCSC
                  > as Matrix
                > naive
                  > as SparseMatrixCSC
                  > as Matrix
            > w/ offset
              > sequential
                > covariance
                  > as SparseMatrixCSC
                  > as Matrix
                > naive
                  > as SparseMatrixCSC
                  > as Matrix
              > random
                > covariance
                  > as SparseMatrixCSC
                  > as Matrix
                > naive
                  > as SparseMatrixCSC
                  > as Matrix
        > alpha = 0.5
          > all-one penalty factors
            > w/o offset
              > sequential
                > covariance
                  > as SparseMatrixCSC
                  > as Matrix
                > naive
                  > as SparseMatrixCSC
                  > as Matrix
              > random
                > covariance
                  > as SparseMatrixCSC
                  > as Matrix
                > naive
                  > as SparseMatrixCSC
                  > as Matrix
            > w/ offset
              > sequential
                > covariance
                  > as SparseMatrixCSC
                  > as Matrix
                > naive
                  > as SparseMatrixCSC
                  > as Matrix
              > random
                > covariance
                  > as SparseMatrixCSC
                  > as Matrix
                > naive
                  > as SparseMatrixCSC
                  > as Matrix
          > non-one penalty factors
            > w/o offset
              > sequential
                > covariance
                  > as SparseMatrixCSC
                  > as Matrix
                > naive
                  > as SparseMatrixCSC
                  > as Matrix
              > random
                > covariance
                  > as SparseMatrixCSC
                  > as Matrix
                > naive
                  > as SparseMatrixCSC
                  > as Matrix
            > w/ offset
              > sequential
                > covariance
                  > as SparseMatrixCSC
                  > as Matrix
                > naive
                  > as SparseMatrixCSC
                  > as Matrix
              > random
                > covariance
                  > as SparseMatrixCSC
                  > as Matrix
                > naive
                  > as SparseMatrixCSC
                  > as Matrix
      > w/ intercept
        > alpha = 1.0
          > all-one penalty factors
            > w/o offset
              > sequential
                > covariance
                  > as SparseMatrixCSC
                  > as Matrix
                > naive
                  > as SparseMatrixCSC
                  > as Matrix
              > random
                > covariance
                  > as SparseMatrixCSC
                  > as Matrix
                > naive
                  > as SparseMatrixCSC
                  > as Matrix
            > w/ offset
              > sequential
                > covariance
                  > as SparseMatrixCSC
                  > as Matrix
                > naive
                  > as SparseMatrixCSC
                  > as Matrix
              > random
                > covariance
                  > as SparseMatrixCSC
                  > as Matrix
                > naive
                  > as SparseMatrixCSC
                  > as Matrix
          > non-one penalty factors
            > w/o offset
              > sequential
                > covariance
                  > as SparseMatrixCSC
                  > as Matrix
                > naive
                  > as SparseMatrixCSC
                  > as Matrix
              > random
                > covariance
                  > as SparseMatrixCSC
                  > as Matrix
                > naive
                  > as SparseMatrixCSC
                  > as Matrix
            > w/ offset
              > sequential
                > covariance
                  > as SparseMatrixCSC
                  > as Matrix
                > naive
                  > as SparseMatrixCSC
                  > as Matrix
              > random
                > covariance
                  > as SparseMatrixCSC
                  > as Matrix
                > naive
                  > as SparseMatrixCSC
                  > as Matrix
        > alpha = 0.5
          > all-one penalty factors
            > w/o offset
              > sequential
                > covariance
                  > as SparseMatrixCSC
                  > as Matrix
                > naive
                  > as SparseMatrixCSC
                  > as Matrix
              > random
                > covariance
                  > as SparseMatrixCSC
                  > as Matrix
                > naive
                  > as SparseMatrixCSC
                  > as Matrix
            > w/ offset
              > sequential
                > covariance
                  > as SparseMatrixCSC
                  > as Matrix
                > naive
                  > as SparseMatrixCSC
                  > as Matrix
              > random
                > covariance
                  > as SparseMatrixCSC
                  > as Matrix
                > naive
                  > as SparseMatrixCSC
                  > as Matrix
          > non-one penalty factors
            > w/o offset
              > sequential
                > covariance
                  > as SparseMatrixCSC
                  > as Matrix
                > naive
                  > as SparseMatrixCSC
                  > as Matrix
              > random
                > covariance
                  > as SparseMatrixCSC
                  > as Matrix
                > naive
                  > as SparseMatrixCSC
                  > as Matrix
            > w/ offset
              > sequential
                > covariance
                  > as SparseMatrixCSC
                  > as Matrix
                > naive
                  > as SparseMatrixCSC
                  > as Matrix
              > random
                > covariance
                  > as SparseMatrixCSC
                  > as Matrix
                > naive
                  > as SparseMatrixCSC
                  > as Matrix
    > sparse
      > w/o intercept
        > alpha = 1.0
          > all-one penalty factors
            > w/o offset
              > sequential
                > covariance
                  > as SparseMatrixCSC
                  > as Matrix
                > naive
                  > as SparseMatrixCSC
                  > as Matrix
              > random
                > covariance
                  > as SparseMatrixCSC
                  > as Matrix
                > naive
                  > as SparseMatrixCSC
                  > as Matrix
            > w/ offset
              > sequential
                > covariance
                  > as SparseMatrixCSC
                  > as Matrix
                > naive
                  > as SparseMatrixCSC
                  > as Matrix
              > random
                > covariance
                  > as SparseMatrixCSC
                  > as Matrix
                > naive
                  > as SparseMatrixCSC
                  > as Matrix
          > non-one penalty factors
            > w/o offset
              > sequential
                > covariance
                  > as SparseMatrixCSC
                  > as Matrix
                > naive
                  > as SparseMatrixCSC
                  > as Matrix
              > random
                > covariance
                  > as SparseMatrixCSC
                  > as Matrix
                > naive
                  > as SparseMatrixCSC
                  > as Matrix
            > w/ offset
              > sequential
                > covariance
                  > as SparseMatrixCSC
                  > as Matrix
                > naive
                  > as SparseMatrixCSC
                  > as Matrix
              > random
                > covariance
                  > as SparseMatrixCSC
                  > as Matrix
                > naive
                  > as SparseMatrixCSC
                  > as Matrix
        > alpha = 0.5
          > all-one penalty factors
            > w/o offset
              > sequential
                > covariance
                  > as SparseMatrixCSC
                  > as Matrix
                > naive
                  > as SparseMatrixCSC
                  > as Matrix
              > random
                > covariance
                  > as SparseMatrixCSC
                  > as Matrix
                > naive
                  > as SparseMatrixCSC
                  > as Matrix
            > w/ offset
              > sequential
                > covariance
                  > as SparseMatrixCSC
                  > as Matrix
                > naive
                  > as SparseMatrixCSC
                  > as Matrix
              > random
                > covariance
                  > as SparseMatrixCSC
                  > as Matrix
                > naive
                  > as SparseMatrixCSC
                  > as Matrix
          > non-one penalty factors
            > w/o offset
              > sequential
                > covariance
                  > as SparseMatrixCSC
                  > as Matrix
                > naive
                  > as SparseMatrixCSC
                  > as Matrix
              > random
                > covariance
                  > as SparseMatrixCSC
                  > as Matrix
                > naive
                  > as SparseMatrixCSC
                  > as Matrix
            > w/ offset
              > sequential
                > covariance
                  > as SparseMatrixCSC
                  > as Matrix
                > naive
                  > as SparseMatrixCSC
                  > as Matrix
              > random
                > covariance
                  > as SparseMatrixCSC
                  > as Matrix
                > naive
                  > as SparseMatrixCSC
                  > as Matrix
      > w/ intercept
        > alpha = 1.0
          > all-one penalty factors
            > w/o offset
              > sequential
                > covariance
                  > as SparseMatrixCSC
                  > as Matrix
                > naive
                  > as SparseMatrixCSC
                  > as Matrix
              > random
                > covariance
                  > as SparseMatrixCSC
                  > as Matrix
                > naive
                  > as SparseMatrixCSC
                  > as Matrix
            > w/ offset
              > sequential
                > covariance
                  > as SparseMatrixCSC
                  > as Matrix
                > naive
                  > as SparseMatrixCSC
                  > as Matrix
              > random
                > covariance
                  > as SparseMatrixCSC
                  > as Matrix
                > naive
                  > as SparseMatrixCSC
                  > as Matrix
          > non-one penalty factors
            > w/o offset
              > sequential
                > covariance
                  > as SparseMatrixCSC
                  > as Matrix
                > naive
                  > as SparseMatrixCSC
                  > as Matrix
              > random
                > covariance
                  > as SparseMatrixCSC
                  > as Matrix
                > naive
                  > as SparseMatrixCSC
                  > as Matrix
            > w/ offset
              > sequential
                > covariance
                  > as SparseMatrixCSC
                  > as Matrix
                > naive
                  > as SparseMatrixCSC
                  > as Matrix
              > random
                > covariance
                  > as SparseMatrixCSC
                  > as Matrix
                > naive
                  > as SparseMatrixCSC
                  > as Matrix
        > alpha = 0.5
          > all-one penalty factors
            > w/o offset
              > sequential
                > covariance
                  > as SparseMatrixCSC
                  > as Matrix
                > naive
                  > as SparseMatrixCSC
                  > as Matrix
              > random
                > covariance
                  > as SparseMatrixCSC
                  > as Matrix
                > naive
                  > as SparseMatrixCSC
                  > as Matrix
            > w/ offset
              > sequential
                > covariance
                  > as SparseMatrixCSC
                  > as Matrix
                > naive
                  > as SparseMatrixCSC
                  > as Matrix
              > random
                > covariance
                  > as SparseMatrixCSC
                  > as Matrix
                > naive
                  > as SparseMatrixCSC
                  > as Matrix
          > non-one penalty factors
            > w/o offset
              > sequential
                > covariance
                  > as SparseMatrixCSC
                  > as Matrix
                > naive
                  > as SparseMatrixCSC
                  > as Matrix
              > random
                > covariance
                  > as SparseMatrixCSC
                  > as Matrix
                > naive
                  > as SparseMatrixCSC
                  > as Matrix
            > w/ offset
              > sequential
                > covariance
                  > as SparseMatrixCSC
                  > as Matrix
                > naive
                  > as SparseMatrixCSC
                  > as Matrix
              > random
                > covariance
                  > as SparseMatrixCSC
                  > as Matrix
                > naive
                  > as SparseMatrixCSC
                  > as Matrix
2112 facts verified.
GammaLassoPath
  > gaussian
    > γ=0
      > Compare with LassoPath
    > γ=2
    > γ=10
  > binomial
    > γ=0
      > Compare with LassoPath
    > γ=2
    > γ=10
  > poisson
    > γ=0
      > Compare with LassoPath
    > γ=2
    > γ=10
45 facts verified.
FusedLasso
  > λ = 10
  > λ = 1
  > λ = 0.1
3 facts verified.
DifferenceMatrix
  > order = 1
  > order = 2
  > order = 3
9 facts verified.
TrendFiltering
  > order = 1
    > lambda = 1.0
    > lambda = 10.0
    > lambda = 100.0
  > order = 2
    > lambda = 1.0
    > lambda = 10.0
    > lambda = 100.0
  > order = 3
    > lambda = 1.0
    > lambda = 10.0
    > lambda = 100.0
9 facts verified.
